// Vitest Snapshot v1, https://vitest.dev/guide/snapshot.html

exports[`Secret Generator > Snapshot Testing > should match snapshot for TLS secret > tls-secret 1`] = `
"apiVersion: v1
kind: Secret
metadata:
  name: production-tls
  namespace: ingress-nginx
  labels:
    cert-manager.io/managed: 'true'
type: kubernetes.io/tls
data:
  tls.crt: Y2VydA==
  tls.key: a2V5
"
`;
